CASE# 1:
0 not found
1 found at 1
2 not found
CASE# 2:
0 not found
